app/(onboarding)/pay-subscription.tsx(27,39): error TS2345: Argument of type '"≡ƒÆ│"' is not assignable to parameter of type '"Cancel" | "OK" | "Save" | "days" | "10-digit mobile number" | "Notifications" | "Privacy Policy" | "Terms of Service" | "Expires in" | "Add Customer" | "Customer added!" | ... 203 more ... | "balance.remaining"'.
app/(onboarding)/pay-subscription.tsx(28,39): error TS2345: Argument of type '"Activate"' is not assignable to parameter of type '"Cancel" | "OK" | "Save" | "days" | "10-digit mobile number" | "Notifications" | "Privacy Policy" | "Terms of Service" | "Expires in" | "Add Customer" | "Customer added!" | ... 203 more ... | "balance.remaining"'.
app/(onboarding)/pay-subscription.tsx(29,39): error TS2345: Argument of type '"Γé╣11/month"' is not assignable to parameter of type '"Cancel" | "OK" | "Save" | "days" | "10-digit mobile number" | "Notifications" | "Privacy Policy" | "Terms of Service" | "Expires in" | "Add Customer" | "Customer added!" | ... 203 more ... | "balance.remaining"'.
app/(onboarding)/pay-subscription.tsx(31,14): error TS2345: Argument of type '"You'll be redirected to a secure payment page."' is not assignable to parameter of type '"Cancel" | "OK" | "Save" | "days" | "10-digit mobile number" | "Notifications" | "Privacy Policy" | "Terms of Service" | "Expires in" | "Add Customer" | "Customer added!" | ... 203 more ... | "balance.remaining"'.
app/(onboarding)/pay-subscription.tsx(35,18): error TS2345: Argument of type '"Pay Γé╣11 Now"' is not assignable to parameter of type '"Cancel" | "OK" | "Save" | "days" | "10-digit mobile number" | "Notifications" | "Privacy Policy" | "Terms of Service" | "Expires in" | "Add Customer" | "Customer added!" | ... 203 more ... | "balance.remaining"'.
app/(onboarding)/pay-subscription.tsx(42,18): error TS2345: Argument of type '"Go Back"' is not assignable to parameter of type '"Cancel" | "OK" | "Save" | "days" | "10-digit mobile number" | "Notifications" | "Privacy Policy" | "Terms of Service" | "Expires in" | "Add Customer" | "Customer added!" | ... 203 more ... | "balance.remaining"'.
app/(onboarding)/register-business.tsx(25,18): error TS2345: Argument of type '"Business name is required"' is not assignable to parameter of type '"Cancel" | "OK" | "Save" | "days" | "10-digit mobile number" | "Notifications" | "Privacy Policy" | "Terms of Service" | "Expires in" | "Add Customer" | "Customer added!" | ... 203 more ... | "balance.remaining"'.
app/(onboarding)/register-business.tsx(29,18): error TS2345: Argument of type '"Owner name is required"' is not assignable to parameter of type '"Cancel" | "OK" | "Save" | "days" | "10-digit mobile number" | "Notifications" | "Privacy Policy" | "Terms of Service" | "Expires in" | "Add Customer" | "Customer added!" | ... 203 more ... | "balance.remaining"'.
app/(onboarding)/register-business.tsx(33,18): error TS2345: Argument of type '"Enter a valid 10-digit Indian mobile number"' is not assignable to parameter of type '"Cancel" | "OK" | "Save" | "days" | "10-digit mobile number" | "Notifications" | "Privacy Policy" | "Terms of Service" | "Expires in" | "Add Customer" | "Customer added!" | ... 203 more ... | "balance.remaining"'.
app/(onboarding)/register-business.tsx(38,18): error TS2345: Argument of type '"User not identified. Please re-login."' is not assignable to parameter of type '"Cancel" | "OK" | "Save" | "days" | "10-digit mobile number" | "Notifications" | "Privacy Policy" | "Terms of Service" | "Expires in" | "Add Customer" | "Customer added!" | ... 203 more ... | "balance.remaining"'.
app/(onboarding)/register-business.tsx(69,21): error TS2345: Argument of type '"Success"' is not assignable to parameter of type '"Cancel" | "OK" | "Save" | "days" | "10-digit mobile number" | "Notifications" | "Privacy Policy" | "Terms of Service" | "Expires in" | "Add Customer" | "Customer added!" | ... 203 more ... | "balance.remaining"'.
app/(onboarding)/register-business.tsx(69,35): error TS2345: Argument of type '"Business registered successfully!"' is not assignable to parameter of type '"Cancel" | "OK" | "Save" | "days" | "10-digit mobile number" | "Notifications" | "Privacy Policy" | "Terms of Service" | "Expires in" | "Add Customer" | "Customer added!" | ... 203 more ... | "balance.remaining"'.
app/(onboarding)/register-business.tsx(73,21): error TS2345: Argument of type '"Error"' is not assignable to parameter of type '"Cancel" | "OK" | "Save" | "days" | "10-digit mobile number" | "Notifications" | "Privacy Policy" | "Terms of Service" | "Expires in" | "Add Customer" | "Customer added!" | ... 203 more ... | "balance.remaining"'.
app/(onboarding)/register-business.tsx(73,48): error TS2345: Argument of type '"Failed to register business"' is not assignable to parameter of type '"Cancel" | "OK" | "Save" | "days" | "10-digit mobile number" | "Notifications" | "Privacy Policy" | "Terms of Service" | "Expires in" | "Add Customer" | "Customer added!" | ... 203 more ... | "balance.remaining"'.
app/(onboarding)/register-business.tsx(81,37): error TS2345: Argument of type '"Register Your Business"' is not assignable to parameter of type '"Cancel" | "OK" | "Save" | "days" | "10-digit mobile number" | "Notifications" | "Privacy Policy" | "Terms of Service" | "Expires in" | "Add Customer" | "Customer added!" | ... 203 more ... | "balance.remaining"'.
app/(onboarding)/register-business.tsx(83,12): error TS2345: Argument of type '"Fill in your details to get started."' is not assignable to parameter of type '"Cancel" | "OK" | "Save" | "days" | "10-digit mobile number" | "Notifications" | "Privacy Policy" | "Terms of Service" | "Expires in" | "Add Customer" | "Customer added!" | ... 203 more ... | "balance.remaining"'.
app/(onboarding)/register-business.tsx(111,20): error TS2345: Argument of type '"Register Business"' is not assignable to parameter of type '"Cancel" | "OK" | "Save" | "days" | "10-digit mobile number" | "Notifications" | "Privacy Policy" | "Terms of Service" | "Expires in" | "Add Customer" | "Customer added!" | ... 203 more ... | "balance.remaining"'.
app/(onboarding)/role-select.tsx(11,37): error TS2345: Argument of type '"What describes you best?"' is not assignable to parameter of type '"Cancel" | "OK" | "Save" | "days" | "10-digit mobile number" | "Notifications" | "Privacy Policy" | "Terms of Service" | "Expires in" | "Add Customer" | "Customer added!" | ... 203 more ... | "balance.remaining"'.
app/(onboarding)/role-select.tsx(13,12): error TS2345: Argument of type '"Choose your role to get started. You can always switch later."' is not assignable to parameter of type '"Cancel" | "OK" | "Save" | "days" | "10-digit mobile number" | "Notifications" | "Privacy Policy" | "Terms of Service" | "Expires in" | "Add Customer" | "Customer added!" | ... 203 more ... | "balance.remaining"'.
app/(onboarding)/role-select.tsx(20,42): error TS2345: Argument of type '"≡ƒÅ¬"' is not assignable to parameter of type '"Cancel" | "OK" | "Save" | "days" | "10-digit mobile number" | "Notifications" | "Privacy Policy" | "Terms of Service" | "Expires in" | "Add Customer" | "Customer added!" | ... 203 more ... | "balance.remaining"'.
app/(onboarding)/role-select.tsx(21,43): error TS2345: Argument of type '"I own a business"' is not assignable to parameter of type '"Cancel" | "OK" | "Save" | "days" | "10-digit mobile number" | "Notifications" | "Privacy Policy" | "Terms of Service" | "Expires in" | "Add Customer" | "Customer added!" | ... 203 more ... | "balance.remaining"'.
app/(onboarding)/role-select.tsx(23,14): error TS2345: Argument of type '"Track customer balances, record daily transactions, manage your khata digitally."' is not assignable to parameter of type '"Cancel" | "OK" | "Save" | "days" | "10-digit mobile number" | "Notifications" | "Privacy Policy" | "Terms of Service" | "Expires in" | "Add Customer" | "Customer added!" | ... 203 more ... | "balance.remaining"'.
app/(onboarding)/role-select.tsx(24,43): error TS2345: Argument of type '"Γé╣11/month"' is not assignable to parameter of type '"Cancel" | "OK" | "Save" | "days" | "10-digit mobile number" | "Notifications" | "Privacy Policy" | "Terms of Service" | "Expires in" | "Add Customer" | "Customer added!" | ... 203 more ... | "balance.remaining"'.
app/(onboarding)/role-select.tsx(32,42): error TS2345: Argument of type '"≡ƒæñ"' is not assignable to parameter of type '"Cancel" | "OK" | "Save" | "days" | "10-digit mobile number" | "Notifications" | "Privacy Policy" | "Terms of Service" | "Expires in" | "Add Customer" | "Customer added!" | ... 203 more ... | "balance.remaining"'.
app/(onboarding)/role-select.tsx(33,43): error TS2345: Argument of type '"I'm a customer"' is not assignable to parameter of type '"Cancel" | "OK" | "Save" | "days" | "10-digit mobile number" | "Notifications" | "Privacy Policy" | "Terms of Service" | "Expires in" | "Add Customer" | "Customer added!" | ... 203 more ... | "balance.remaining"'.
app/(onboarding)/role-select.tsx(35,14): error TS2345: Argument of type '"View your khata from businesses that have added you. Check your balances for free."' is not assignable to parameter of type '"Cancel" | "OK" | "Save" | "days" | "10-digit mobile number" | "Notifications" | "Privacy Policy" | "Terms of Service" | "Expires in" | "Add Customer" | "Customer added!" | ... 203 more ... | "balance.remaining"'.
app/(onboarding)/role-select.tsx(36,42): error TS2345: Argument of type '"Free"' is not assignable to parameter of type '"Cancel" | "OK" | "Save" | "days" | "10-digit mobile number" | "Notifications" | "Privacy Policy" | "Terms of Service" | "Expires in" | "Add Customer" | "Customer added!" | ... 203 more ... | "balance.remaining"'.
app/(tabs)/business/customers/[customerId]/add-entry.tsx(41,25): error TS2345: Argument of type '"Locked"' is not assignable to parameter of type '"Cancel" | "OK" | "Save" | "days" | "10-digit mobile number" | "Notifications" | "Privacy Policy" | "Terms of Service" | "Expires in" | "Add Customer" | "Customer added!" | ... 203 more ... | "balance.remaining"'.
app/(tabs)/business/customers/[customerId]/add-entry.tsx(41,38): error TS2345: Argument of type '"Today's log is locked. Contact support if there's an error."' is not assignable to parameter of type '"Cancel" | "OK" | "Save" | "days" | "10-digit mobile number" | "Notifications" | "Privacy Policy" | "Terms of Service" | "Expires in" | "Add Customer" | "Customer added!" | ... 203 more ... | "balance.remaining"'.
app/(tabs)/business/customers/[customerId]/add-entry.tsx(53,21): error TS2345: Argument of type '"Error"' is not assignable to parameter of type '"Cancel" | "OK" | "Save" | "days" | "10-digit mobile number" | "Notifications" | "Privacy Policy" | "Terms of Service" | "Expires in" | "Add Customer" | "Customer added!" | ... 203 more ... | "balance.remaining"'.
app/(tabs)/business/customers/[customerId]/add-entry.tsx(53,33): error TS2345: Argument of type '"Description is required"' is not assignable to parameter of type '"Cancel" | "OK" | "Save" | "days" | "10-digit mobile number" | "Notifications" | "Privacy Policy" | "Terms of Service" | "Expires in" | "Add Customer" | "Customer added!" | ... 203 more ... | "balance.remaining"'.
app/(tabs)/business/customers/[customerId]/add-entry.tsx(58,21): error TS2345: Argument of type '"Error"' is not assignable to parameter of type '"Cancel" | "OK" | "Save" | "days" | "10-digit mobile number" | "Notifications" | "Privacy Policy" | "Terms of Service" | "Expires in" | "Add Customer" | "Customer added!" | ... 203 more ... | "balance.remaining"'.
app/(tabs)/business/customers/[customerId]/add-entry.tsx(58,33): error TS2345: Argument of type '"Enter a valid amount greater than 0"' is not assignable to parameter of type '"Cancel" | "OK" | "Save" | "days" | "10-digit mobile number" | "Notifications" | "Privacy Policy" | "Terms of Service" | "Expires in" | "Add Customer" | "Customer added!" | ... 203 more ... | "balance.remaining"'.
app/(tabs)/business/customers/[customerId]/add-entry.tsx(62,21): error TS2345: Argument of type '"Error"' is not assignable to parameter of type '"Cancel" | "OK" | "Save" | "days" | "10-digit mobile number" | "Notifications" | "Privacy Policy" | "Terms of Service" | "Expires in" | "Add Customer" | "Customer added!" | ... 203 more ... | "balance.remaining"'.
app/(tabs)/business/customers/[customerId]/add-entry.tsx(62,33): error TS2345: Argument of type '"Missing customer data"' is not assignable to parameter of type '"Cancel" | "OK" | "Save" | "days" | "10-digit mobile number" | "Notifications" | "Privacy Policy" | "Terms of Service" | "Expires in" | "Add Customer" | "Customer added!" | ... 203 more ... | "balance.remaining"'.
app/(tabs)/business/customers/[customerId]/add-entry.tsx(72,25): error TS2345: Argument of type '"Error"' is not assignable to parameter of type '"Cancel" | "OK" | "Save" | "days" | "10-digit mobile number" | "Notifications" | "Privacy Policy" | "Terms of Service" | "Expires in" | "Add Customer" | "Customer added!" | ... 203 more ... | "balance.remaining"'.
app/(tabs)/business/customers/[customerId]/add-entry.tsx(72,37): error TS2345: Argument of type '"User not authenticated"' is not assignable to parameter of type '"Cancel" | "OK" | "Save" | "days" | "10-digit mobile number" | "Notifications" | "Privacy Policy" | "Terms of Service" | "Expires in" | "Add Customer" | "Customer added!" | ... 203 more ... | "balance.remaining"'.
app/(tabs)/business/customers/[customerId]/add-entry.tsx(79,25): error TS2345: Argument of type '"Error"' is not assignable to parameter of type '"Cancel" | "OK" | "Save" | "days" | "10-digit mobile number" | "Notifications" | "Privacy Policy" | "Terms of Service" | "Expires in" | "Add Customer" | "Customer added!" | ... 203 more ... | "balance.remaining"'.
app/(tabs)/business/customers/[customerId]/add-entry.tsx(79,37): error TS2345: Argument of type '"Missing business data"' is not assignable to parameter of type '"Cancel" | "OK" | "Save" | "days" | "10-digit mobile number" | "Notifications" | "Privacy Policy" | "Terms of Service" | "Expires in" | "Add Customer" | "Customer added!" | ... 203 more ... | "balance.remaining"'.
app/(tabs)/business/customers/[customerId]/add-entry.tsx(87,23): error TS2345: Argument of type '"Error"' is not assignable to parameter of type '"Cancel" | "OK" | "Save" | "days" | "10-digit mobile number" | "Notifications" | "Privacy Policy" | "Terms of Service" | "Expires in" | "Add Customer" | "Customer added!" | ... 203 more ... | "balance.remaining"'.
app/(tabs)/business/customers/[customerId]/add-entry.tsx(87,35): error TS2345: Argument of type '"Missing business data"' is not assignable to parameter of type '"Cancel" | "OK" | "Save" | "days" | "10-digit mobile number" | "Notifications" | "Privacy Policy" | "Terms of Service" | "Expires in" | "Add Customer" | "Customer added!" | ... 203 more ... | "balance.remaining"'.
app/(tabs)/business/customers/[customerId]/add-entry.tsx(95,21): error TS2345: Argument of type '"Success"' is not assignable to parameter of type '"Cancel" | "OK" | "Save" | "days" | "10-digit mobile number" | "Notifications" | "Privacy Policy" | "Terms of Service" | "Expires in" | "Add Customer" | "Customer added!" | ... 203 more ... | "balance.remaining"'.
app/(tabs)/business/customers/[customerId]/add-entry.tsx(95,35): error TS2345: Argument of type '"Entry added successfully"' is not assignable to parameter of type '"Cancel" | "OK" | "Save" | "days" | "10-digit mobile number" | "Notifications" | "Privacy Policy" | "Terms of Service" | "Expires in" | "Add Customer" | "Customer added!" | ... 203 more ... | "balance.remaining"'.
app/(tabs)/business/customers/[customerId]/add-entry.tsx(98,21): error TS2345: Argument of type '"Error"' is not assignable to parameter of type '"Cancel" | "OK" | "Save" | "days" | "10-digit mobile number" | "Notifications" | "Privacy Policy" | "Terms of Service" | "Expires in" | "Add Customer" | "Customer added!" | ... 203 more ... | "balance.remaining"'.
app/(tabs)/business/customers/[customerId]/add-entry.tsx(98,48): error TS2345: Argument of type '"Failed to add entry"' is not assignable to parameter of type '"Cancel" | "OK" | "Save" | "days" | "10-digit mobile number" | "Notifications" | "Privacy Policy" | "Terms of Service" | "Expires in" | "Add Customer" | "Customer added!" | ... 203 more ... | "balance.remaining"'.
app/(tabs)/business/customers/[customerId]/add-entry.tsx(108,12): error TS2345: Argument of type '"Record what the customer purchased today."' is not assignable to parameter of type '"Cancel" | "OK" | "Save" | "days" | "10-digit mobile number" | "Notifications" | "Privacy Policy" | "Terms of Service" | "Expires in" | "Add Customer" | "Customer added!" | ... 203 more ... | "balance.remaining"'.
app/(tabs)/business/customers/[customerId]/add-entry.tsx(112,20): error TS2345: Argument of type '"Description"' is not assignable to parameter of type '"Cancel" | "OK" | "Save" | "days" | "10-digit mobile number" | "Notifications" | "Privacy Policy" | "Terms of Service" | "Expires in" | "Add Customer" | "Customer added!" | ... 203 more ... | "balance.remaining"'.
app/(tabs)/business/customers/[customerId]/add-entry.tsx(115,26): error TS2345: Argument of type '"e.g., 6 cups tea, Parle G packet"' is not assignable to parameter of type '"Cancel" | "OK" | "Save" | "days" | "10-digit mobile number" | "Notifications" | "Privacy Policy" | "Terms of Service" | "Expires in" | "Add Customer" | "Customer added!" | ... 203 more ... | "balance.remaining"'.
app/(tabs)/business/customers/[customerId]/add-entry.tsx(119,20): error TS2345: Argument of type '"Quantity"' is not assignable to parameter of type '"Cancel" | "OK" | "Save" | "days" | "10-digit mobile number" | "Notifications" | "Privacy Policy" | "Terms of Service" | "Expires in" | "Add Customer" | "Customer added!" | ... 203 more ... | "balance.remaining"'.
app/(tabs)/business/customers/[customerId]/add-entry.tsx(122,26): error TS2345: Argument of type '"e.g., 6"' is not assignable to parameter of type '"Cancel" | "OK" | "Save" | "days" | "10-digit mobile number" | "Notifications" | "Privacy Policy" | "Terms of Service" | "Expires in" | "Add Customer" | "Customer added!" | ... 203 more ... | "balance.remaining"'.
app/(tabs)/business/customers/[customerId]/add-entry.tsx(129,26): error TS2345: Argument of type '"e.g., 30"' is not assignable to parameter of type '"Cancel" | "OK" | "Save" | "days" | "10-digit mobile number" | "Notifications" | "Privacy Policy" | "Terms of Service" | "Expires in" | "Add Customer" | "Customer added!" | ... 203 more ... | "balance.remaining"'.
app/(tabs)/business/customers/[customerId]/add-payment.tsx(26,21): error TS2345: Argument of type '"Error"' is not assignable to parameter of type '"Cancel" | "OK" | "Save" | "days" | "10-digit mobile number" | "Notifications" | "Privacy Policy" | "Terms of Service" | "Expires in" | "Add Customer" | "Customer added!" | ... 203 more ... | "balance.remaining"'.
app/(tabs)/business/customers/[customerId]/add-payment.tsx(26,33): error TS2345: Argument of type '"Enter a valid amount greater than 0"' is not assignable to parameter of type '"Cancel" | "OK" | "Save" | "days" | "10-digit mobile number" | "Notifications" | "Privacy Policy" | "Terms of Service" | "Expires in" | "Add Customer" | "Customer added!" | ... 203 more ... | "balance.remaining"'.
app/(tabs)/business/customers/[customerId]/add-payment.tsx(30,21): error TS2345: Argument of type '"Error"' is not assignable to parameter of type '"Cancel" | "OK" | "Save" | "days" | "10-digit mobile number" | "Notifications" | "Privacy Policy" | "Terms of Service" | "Expires in" | "Add Customer" | "Customer added!" | ... 203 more ... | "balance.remaining"'.
app/(tabs)/business/customers/[customerId]/add-payment.tsx(30,33): error TS2345: Argument of type '"Missing required data"' is not assignable to parameter of type '"Cancel" | "OK" | "Save" | "days" | "10-digit mobile number" | "Notifications" | "Privacy Policy" | "Terms of Service" | "Expires in" | "Add Customer" | "Customer added!" | ... 203 more ... | "balance.remaining"'.
app/(tabs)/business/customers/[customerId]/add-payment.tsx(42,21): error TS2345: Argument of type '"Success"' is not assignable to parameter of type '"Cancel" | "OK" | "Save" | "days" | "10-digit mobile number" | "Notifications" | "Privacy Policy" | "Terms of Service" | "Expires in" | "Add Customer" | "Customer added!" | ... 203 more ... | "balance.remaining"'.
app/(tabs)/business/customers/[customerId]/add-payment.tsx(42,35): error TS2345: Argument of type '"Payment recorded successfully"' is not assignable to parameter of type '"Cancel" | "OK" | "Save" | "days" | "10-digit mobile number" | "Notifications" | "Privacy Policy" | "Terms of Service" | "Expires in" | "Add Customer" | "Customer added!" | ... 203 more ... | "balance.remaining"'.
app/(tabs)/business/customers/[customerId]/add-payment.tsx(45,21): error TS2345: Argument of type '"Error"' is not assignable to parameter of type '"Cancel" | "OK" | "Save" | "days" | "10-digit mobile number" | "Notifications" | "Privacy Policy" | "Terms of Service" | "Expires in" | "Add Customer" | "Customer added!" | ... 203 more ... | "balance.remaining"'.
app/(tabs)/business/customers/[customerId]/add-payment.tsx(45,48): error TS2345: Argument of type '"Failed to record payment"' is not assignable to parameter of type '"Cancel" | "OK" | "Save" | "days" | "10-digit mobile number" | "Notifications" | "Privacy Policy" | "Terms of Service" | "Expires in" | "Add Customer" | "Customer added!" | ... 203 more ... | "balance.remaining"'.
app/(tabs)/business/customers/[customerId]/add-payment.tsx(55,12): error TS2345: Argument of type '"Enter the amount received from the customer."' is not assignable to parameter of type '"Cancel" | "OK" | "Save" | "days" | "10-digit mobile number" | "Notifications" | "Privacy Policy" | "Terms of Service" | "Expires in" | "Add Customer" | "Customer added!" | ... 203 more ... | "balance.remaining"'.
app/(tabs)/business/customers/[customerId]/add-payment.tsx(62,26): error TS2345: Argument of type '"e.g., 500"' is not assignable to parameter of type '"Cancel" | "OK" | "Save" | "days" | "10-digit mobile number" | "Notifications" | "Privacy Policy" | "Terms of Service" | "Expires in" | "Add Customer" | "Customer added!" | ... 203 more ... | "balance.remaining"'.
app/(tabs)/business/customers/[customerId]/add-payment.tsx(66,20): error TS2345: Argument of type '"Note (optional)"' is not assignable to parameter of type '"Cancel" | "OK" | "Save" | "days" | "10-digit mobile number" | "Notifications" | "Privacy Policy" | "Terms of Service" | "Expires in" | "Add Customer" | "Customer added!" | ... 203 more ... | "balance.remaining"'.
app/(tabs)/business/customers/[customerId]/add-payment.tsx(69,26): error TS2345: Argument of type '"e.g., Partial payment, Full settlement"' is not assignable to parameter of type '"Cancel" | "OK" | "Save" | "days" | "10-digit mobile number" | "Notifications" | "Privacy Policy" | "Terms of Service" | "Expires in" | "Add Customer" | "Customer added!" | ... 203 more ... | "balance.remaining"'.
app/(tabs)/business/customers/[customerId]/index.tsx(61,21): error TS2345: Argument of type '"Error"' is not assignable to parameter of type '"Cancel" | "OK" | "Save" | "days" | "10-digit mobile number" | "Notifications" | "Privacy Policy" | "Terms of Service" | "Expires in" | "Add Customer" | "Customer added!" | ... 203 more ... | "balance.remaining"'.
app/(tabs)/business/customers/[customerId]/index.tsx(61,48): error TS2345: Argument of type '"Failed to load customer"' is not assignable to parameter of type '"Cancel" | "OK" | "Save" | "days" | "10-digit mobile number" | "Notifications" | "Privacy Policy" | "Terms of Service" | "Expires in" | "Add Customer" | "Customer added!" | ... 203 more ... | "balance.remaining"'.
app/(tabs)/business/customers/[customerId]/index.tsx(74,21): error TS2345: Argument of type '"Error"' is not assignable to parameter of type '"Cancel" | "OK" | "Save" | "days" | "10-digit mobile number" | "Notifications" | "Privacy Policy" | "Terms of Service" | "Expires in" | "Add Customer" | "Customer added!" | ... 203 more ... | "balance.remaining"'.
app/(tabs)/business/customers/[customerId]/index.tsx(74,33): error TS2345: Argument of type '"Enter a valid amount"' is not assignable to parameter of type '"Cancel" | "OK" | "Save" | "days" | "10-digit mobile number" | "Notifications" | "Privacy Policy" | "Terms of Service" | "Expires in" | "Add Customer" | "Customer added!" | ... 203 more ... | "balance.remaining"'.
app/(tabs)/business/customers/[customerId]/index.tsx(80,21): error TS2345: Argument of type '"Error"' is not assignable to parameter of type '"Cancel" | "OK" | "Save" | "days" | "10-digit mobile number" | "Notifications" | "Privacy Policy" | "Terms of Service" | "Expires in" | "Add Customer" | "Customer added!" | ... 203 more ... | "balance.remaining"'.
app/(tabs)/business/customers/[customerId]/index.tsx(80,33): error TS2345: Argument of type '"Missing required data"' is not assignable to parameter of type '"Cancel" | "OK" | "Save" | "days" | "10-digit mobile number" | "Notifications" | "Privacy Policy" | "Terms of Service" | "Expires in" | "Add Customer" | "Customer added!" | ... 203 more ... | "balance.remaining"'.
app/(tabs)/business/customers/[customerId]/index.tsx(88,21): error TS2345: Argument of type '"Success"' is not assignable to parameter of type '"Cancel" | "OK" | "Save" | "days" | "10-digit mobile number" | "Notifications" | "Privacy Policy" | "Terms of Service" | "Expires in" | "Add Customer" | "Customer added!" | ... 203 more ... | "balance.remaining"'.
app/(tabs)/business/customers/[customerId]/index.tsx(88,35): error TS2345: Argument of type '"Payment recorded successfully!"' is not assignable to parameter of type '"Cancel" | "OK" | "Save" | "days" | "10-digit mobile number" | "Notifications" | "Privacy Policy" | "Terms of Service" | "Expires in" | "Add Customer" | "Customer added!" | ... 203 more ... | "balance.remaining"'.
app/(tabs)/business/customers/[customerId]/index.tsx(94,21): error TS2345: Argument of type '"Error"' is not assignable to parameter of type '"Cancel" | "OK" | "Save" | "days" | "10-digit mobile number" | "Notifications" | "Privacy Policy" | "Terms of Service" | "Expires in" | "Add Customer" | "Customer added!" | ... 203 more ... | "balance.remaining"'.
app/(tabs)/business/customers/[customerId]/index.tsx(94,48): error TS2345: Argument of type '"Failed to record payment"' is not assignable to parameter of type '"Cancel" | "OK" | "Save" | "days" | "10-digit mobile number" | "Notifications" | "Privacy Policy" | "Terms of Service" | "Expires in" | "Add Customer" | "Customer added!" | ... 203 more ... | "balance.remaining"'.
app/(tabs)/business/customers/add.tsx(22,21): error TS2345: Argument of type '"Error"' is not assignable to parameter of type '"Cancel" | "OK" | "Save" | "days" | "10-digit mobile number" | "Notifications" | "Privacy Policy" | "Terms of Service" | "Expires in" | "Add Customer" | "Customer added!" | ... 203 more ... | "balance.remaining"'.
app/(tabs)/business/customers/add.tsx(22,33): error TS2345: Argument of type '"Customer name is required"' is not assignable to parameter of type '"Cancel" | "OK" | "Save" | "days" | "10-digit mobile number" | "Notifications" | "Privacy Policy" | "Terms of Service" | "Expires in" | "Add Customer" | "Customer added!" | ... 203 more ... | "balance.remaining"'.
app/(tabs)/business/customers/add.tsx(26,21): error TS2345: Argument of type '"Error"' is not assignable to parameter of type '"Cancel" | "OK" | "Save" | "days" | "10-digit mobile number" | "Notifications" | "Privacy Policy" | "Terms of Service" | "Expires in" | "Add Customer" | "Customer added!" | ... 203 more ... | "balance.remaining"'.
app/(tabs)/business/customers/add.tsx(26,33): error TS2345: Argument of type '"Enter a valid 10-digit Indian mobile number"' is not assignable to parameter of type '"Cancel" | "OK" | "Save" | "days" | "10-digit mobile number" | "Notifications" | "Privacy Policy" | "Terms of Service" | "Expires in" | "Add Customer" | "Customer added!" | ... 203 more ... | "balance.remaining"'.
app/(tabs)/business/customers/add.tsx(30,21): error TS2345: Argument of type '"Error"' is not assignable to parameter of type '"Cancel" | "OK" | "Save" | "days" | "10-digit mobile number" | "Notifications" | "Privacy Policy" | "Terms of Service" | "Expires in" | "Add Customer" | "Customer added!" | ... 203 more ... | "balance.remaining"'.
app/(tabs)/business/customers/add.tsx(30,33): error TS2345: Argument of type '"No business found"' is not assignable to parameter of type '"Cancel" | "OK" | "Save" | "days" | "10-digit mobile number" | "Notifications" | "Privacy Policy" | "Terms of Service" | "Expires in" | "Add Customer" | "Customer added!" | ... 203 more ... | "balance.remaining"'.
app/(tabs)/business/customers/add.tsx(47,21): error TS2345: Argument of type '"Error"' is not assignable to parameter of type '"Cancel" | "OK" | "Save" | "days" | "10-digit mobile number" | "Notifications" | "Privacy Policy" | "Terms of Service" | "Expires in" | "Add Customer" | "Customer added!" | ... 203 more ... | "balance.remaining"'.
app/(tabs)/business/customers/add.tsx(47,48): error TS2345: Argument of type '"Failed to add customer"' is not assignable to parameter of type '"Cancel" | "OK" | "Save" | "days" | "10-digit mobile number" | "Notifications" | "Privacy Policy" | "Terms of Service" | "Expires in" | "Add Customer" | "Customer added!" | ... 203 more ... | "balance.remaining"'.
app/(tabs)/business/customers/add.tsx(55,37): error TS2345: Argument of type '"Add New Customer"' is not assignable to parameter of type '"Cancel" | "OK" | "Save" | "days" | "10-digit mobile number" | "Notifications" | "Privacy Policy" | "Terms of Service" | "Expires in" | "Add Customer" | "Customer added!" | ... 203 more ... | "balance.remaining"'.
app/(tabs)/business/customers/add.tsx(57,12): error TS2345: Argument of type '"Enter their name and phone number. They'll be able to view their khata once they sign up."' is not assignable to parameter of type '"Cancel" | "OK" | "Save" | "days" | "10-digit mobile number" | "Notifications" | "Privacy Policy" | "Terms of Service" | "Expires in" | "Add Customer" | "Customer added!" | ... 203 more ... | "balance.remaining"'.
app/(tabs)/business/customers/add.tsx(64,26): error TS2345: Argument of type '"e.g., Suresh Patel"' is not assignable to parameter of type '"Cancel" | "OK" | "Save" | "days" | "10-digit mobile number" | "Notifications" | "Privacy Policy" | "Terms of Service" | "Expires in" | "Add Customer" | "Customer added!" | ... 203 more ... | "balance.remaining"'.
app/(tabs)/business/customers/add.tsx(78,18): error TS2345: Argument of type '"Save Customer"' is not assignable to parameter of type '"Cancel" | "OK" | "Save" | "days" | "10-digit mobile number" | "Notifications" | "Privacy Policy" | "Terms of Service" | "Expires in" | "Add Customer" | "Customer added!" | ... 203 more ... | "balance.remaining"'.
app/(tabs)/business/dashboard.tsx(51,17): error TS2551: Property 'subscription_status' does not exist on type 'Business'. Did you mean 'subscriptionStatus'?
app/(tabs)/business/dashboard.tsx(107,17): error TS2551: Property 'subscription_status' does not exist on type 'Business'. Did you mean 'subscriptionStatus'?
app/(tabs)/business/edit-business.tsx(33,23): error TS2345: Argument of type '"Permission Required"' is not assignable to parameter of type '"Cancel" | "OK" | "Save" | "days" | "10-digit mobile number" | "Notifications" | "Privacy Policy" | "Terms of Service" | "Expires in" | "Add Customer" | "Customer added!" | ... 203 more ... | "balance.remaining"'.
app/(tabs)/business/edit-business.tsx(33,49): error TS2345: Argument of type '"Please allow access to your photo library."' is not assignable to parameter of type '"Cancel" | "OK" | "Save" | "days" | "10-digit mobile number" | "Notifications" | "Privacy Policy" | "Terms of Service" | "Expires in" | "Add Customer" | "Customer added!" | ... 203 more ... | "balance.remaining"'.
app/(tabs)/business/edit-business.tsx(68,50): error TS2345: Argument of type '"Upload failed"' is not assignable to parameter of type '"Cancel" | "OK" | "Save" | "days" | "10-digit mobile number" | "Notifications" | "Privacy Policy" | "Terms of Service" | "Expires in" | "Add Customer" | "Customer added!" | ... 203 more ... | "balance.remaining"'.
app/(tabs)/business/edit-business.tsx(73,21): error TS2345: Argument of type '"Error"' is not assignable to parameter of type '"Cancel" | "OK" | "Save" | "days" | "10-digit mobile number" | "Notifications" | "Privacy Policy" | "Terms of Service" | "Expires in" | "Add Customer" | "Customer added!" | ... 203 more ... | "balance.remaining"'.
app/(tabs)/business/edit-business.tsx(73,48): error TS2345: Argument of type '"Failed to upload photo"' is not assignable to parameter of type '"Cancel" | "OK" | "Save" | "days" | "10-digit mobile number" | "Notifications" | "Privacy Policy" | "Terms of Service" | "Expires in" | "Add Customer" | "Customer added!" | ... 203 more ... | "balance.remaining"'.
app/(tabs)/business/edit-business.tsx(81,21): error TS2345: Argument of type '"Error"' is not assignable to parameter of type '"Cancel" | "OK" | "Save" | "days" | "10-digit mobile number" | "Notifications" | "Privacy Policy" | "Terms of Service" | "Expires in" | "Add Customer" | "Customer added!" | ... 203 more ... | "balance.remaining"'.
app/(tabs)/business/edit-business.tsx(81,33): error TS2345: Argument of type '"Business name is required"' is not assignable to parameter of type '"Cancel" | "OK" | "Save" | "days" | "10-digit mobile number" | "Notifications" | "Privacy Policy" | "Terms of Service" | "Expires in" | "Add Customer" | "Customer added!" | ... 203 more ... | "balance.remaining"'.
app/(tabs)/business/edit-business.tsx(85,21): error TS2345: Argument of type '"Error"' is not assignable to parameter of type '"Cancel" | "OK" | "Save" | "days" | "10-digit mobile number" | "Notifications" | "Privacy Policy" | "Terms of Service" | "Expires in" | "Add Customer" | "Customer added!" | ... 203 more ... | "balance.remaining"'.
app/(tabs)/business/edit-business.tsx(85,33): error TS2345: Argument of type '"Owner name is required"' is not assignable to parameter of type '"Cancel" | "OK" | "Save" | "days" | "10-digit mobile number" | "Notifications" | "Privacy Policy" | "Terms of Service" | "Expires in" | "Add Customer" | "Customer added!" | ... 203 more ... | "balance.remaining"'.
app/(tabs)/business/edit-business.tsx(89,21): error TS2345: Argument of type '"Error"' is not assignable to parameter of type '"Cancel" | "OK" | "Save" | "days" | "10-digit mobile number" | "Notifications" | "Privacy Policy" | "Terms of Service" | "Expires in" | "Add Customer" | "Customer added!" | ... 203 more ... | "balance.remaining"'.
app/(tabs)/business/edit-business.tsx(89,33): error TS2345: Argument of type '"Enter a valid 10-digit Indian mobile number"' is not assignable to parameter of type '"Cancel" | "OK" | "Save" | "days" | "10-digit mobile number" | "Notifications" | "Privacy Policy" | "Terms of Service" | "Expires in" | "Add Customer" | "Customer added!" | ... 203 more ... | "balance.remaining"'.
app/(tabs)/business/edit-business.tsx(93,21): error TS2345: Argument of type '"Error"' is not assignable to parameter of type '"Cancel" | "OK" | "Save" | "days" | "10-digit mobile number" | "Notifications" | "Privacy Policy" | "Terms of Service" | "Expires in" | "Add Customer" | "Customer added!" | ... 203 more ... | "balance.remaining"'.
app/(tabs)/business/edit-business.tsx(93,33): error TS2345: Argument of type '"Business not found"' is not assignable to parameter of type '"Cancel" | "OK" | "Save" | "days" | "10-digit mobile number" | "Notifications" | "Privacy Policy" | "Terms of Service" | "Expires in" | "Add Customer" | "Customer added!" | ... 203 more ... | "balance.remaining"'.
app/(tabs)/business/edit-business.tsx(127,21): error TS2345: Argument of type '"Error"' is not assignable to parameter of type '"Cancel" | "OK" | "Save" | "days" | "10-digit mobile number" | "Notifications" | "Privacy Policy" | "Terms of Service" | "Expires in" | "Add Customer" | "Customer added!" | ... 203 more ... | "balance.remaining"'.
app/(tabs)/business/edit-business.tsx(127,48): error TS2345: Argument of type '"Failed to update business"' is not assignable to parameter of type '"Cancel" | "OK" | "Save" | "days" | "10-digit mobile number" | "Notifications" | "Privacy Policy" | "Terms of Service" | "Expires in" | "Add Customer" | "Customer added!" | ... 203 more ... | "balance.remaining"'.
app/(tabs)/business/edit-business.tsx(160,49): error TS2345: Argument of type '"Tap to add store photo"' is not assignable to parameter of type '"Cancel" | "OK" | "Save" | "days" | "10-digit mobile number" | "Notifications" | "Privacy Policy" | "Terms of Service" | "Expires in" | "Add Customer" | "Customer added!" | ... 203 more ... | "balance.remaining"'.
app/(tabs)/business/subscription.tsx(17,39): error TS2345: Argument of type '"No business found"' is not assignable to parameter of type '"Cancel" | "OK" | "Save" | "days" | "10-digit mobile number" | "Notifications" | "Privacy Policy" | "Terms of Service" | "Expires in" | "Add Customer" | "Customer added!" | ... 203 more ... | "balance.remaining"'.
app/(tabs)/business/subscription.tsx(28,39): error TS2345: Argument of type '"≡ƒÆ│"' is not assignable to parameter of type '"Cancel" | "OK" | "Save" | "days" | "10-digit mobile number" | "Notifications" | "Privacy Policy" | "Terms of Service" | "Expires in" | "Add Customer" | "Customer added!" | ... 203 more ... | "balance.remaining"'.
app/(tabs)/business/subscription.tsx(29,39): error TS2345: Argument of type '"Business Subscription"' is not assignable to parameter of type '"Cancel" | "OK" | "Save" | "days" | "10-digit mobile number" | "Notifications" | "Privacy Policy" | "Terms of Service" | "Expires in" | "Add Customer" | "Customer added!" | ... 203 more ... | "balance.remaining"'.
app/(tabs)/business/subscription.tsx(38,16): error TS2345: Argument of type '"Valid until:"' is not assignable to parameter of type '"Cancel" | "OK" | "Save" | "days" | "10-digit mobile number" | "Notifications" | "Privacy Policy" | "Terms of Service" | "Expires in" | "Add Customer" | "Customer added!" | ... 203 more ... | "balance.remaining"'.
app/(tabs)/business/subscription.tsx(42,39): error TS2345: Argument of type '"Γé╣11/month"' is not assignable to parameter of type '"Cancel" | "OK" | "Save" | "days" | "10-digit mobile number" | "Notifications" | "Privacy Policy" | "Terms of Service" | "Expires in" | "Add Customer" | "Customer added!" | ... 203 more ... | "balance.remaining"'.
app/(tabs)/business/subscription.tsx(46,18): error TS2345: Argument of type '"Manage Subscription"' is not assignable to parameter of type '"Cancel" | "OK" | "Save" | "days" | "10-digit mobile number" | "Notifications" | "Privacy Policy" | "Terms of Service" | "Expires in" | "Add Customer" | "Customer added!" | ... 203 more ... | "balance.remaining"'.
app/(tabs)/home.tsx(398,62): error TS2345: Argument of type '"No customers found"' is not assignable to parameter of type '"Cancel" | "OK" | "Save" | "days" | "10-digit mobile number" | "Notifications" | "Privacy Policy" | "Terms of Service" | "Expires in" | "Add Customer" | "Customer added!" | ... 203 more ... | "balance.remaining"'.
app/(tabs)/home.tsx(399,65): error TS2345: Argument of type '"Add your first customer to get started"' is not assignable to parameter of type '"Cancel" | "OK" | "Save" | "days" | "10-digit mobile number" | "Notifications" | "Privacy Policy" | "Terms of Service" | "Expires in" | "Add Customer" | "Customer added!" | ... 203 more ... | "balance.remaining"'.
app/(tabs)/home.tsx(465,52): error TS2345: Argument of type '"Your Khatas"' is not assignable to parameter of type '"Cancel" | "OK" | "Save" | "days" | "10-digit mobile number" | "Notifications" | "Privacy Policy" | "Terms of Service" | "Expires in" | "Add Customer" | "Customer added!" | ... 203 more ... | "balance.remaining"'.
app/(tabs)/home.tsx(467,53): error TS2345: Argument of type '"View All"' is not assignable to parameter of type '"Cancel" | "OK" | "Save" | "days" | "10-digit mobile number" | "Notifications" | "Privacy Policy" | "Terms of Service" | "Expires in" | "Add Customer" | "Customer added!" | ... 203 more ... | "balance.remaining"'.
app/(tabs)/home.tsx(472,58): error TS2345: Argument of type '"Check your khatas"' is not assignable to parameter of type '"Cancel" | "OK" | "Save" | "days" | "10-digit mobile number" | "Notifications" | "Privacy Policy" | "Terms of Service" | "Expires in" | "Add Customer" | "Customer added!" | ... 203 more ... | "balance.remaining"'.
app/(tabs)/home.tsx(473,61): error TS2345: Argument of type '"Go to Khata tab to see linked shops"' is not assignable to parameter of type '"Cancel" | "OK" | "Save" | "days" | "10-digit mobile number" | "Notifications" | "Privacy Policy" | "Terms of Service" | "Expires in" | "Add Customer" | "Customer added!" | ... 203 more ... | "balance.remaining"'.
app/(tabs)/home.tsx(478,61): error TS2345: Argument of type '"Go to Khata Tab"' is not assignable to parameter of type '"Cancel" | "OK" | "Save" | "days" | "10-digit mobile number" | "Notifications" | "Privacy Policy" | "Terms of Service" | "Expires in" | "Add Customer" | "Customer added!" | ... 203 more ... | "balance.remaining"'.
app/(tabs)/home.tsx(517,34): error TS2345: Argument of type '"Enter customer name"' is not assignable to parameter of type '"Cancel" | "OK" | "Save" | "days" | "10-digit mobile number" | "Notifications" | "Privacy Policy" | "Terms of Service" | "Expires in" | "Add Customer" | "Customer added!" | ... 203 more ... | "balance.remaining"'.
app/(tabs)/home.tsx(534,34): error TS2345: Argument of type '"Enter 10 digit phone number"' is not assignable to parameter of type '"Cancel" | "OK" | "Save" | "days" | "10-digit mobile number" | "Notifications" | "Privacy Policy" | "Terms of Service" | "Expires in" | "Add Customer" | "Customer added!" | ... 203 more ... | "balance.remaining"'.
app/(tabs)/khata.tsx(98,21): error TS2345: Argument of type '"Error"' is not assignable to parameter of type '"Cancel" | "OK" | "Save" | "days" | "10-digit mobile number" | "Notifications" | "Privacy Policy" | "Terms of Service" | "Expires in" | "Add Customer" | "Customer added!" | ... 203 more ... | "balance.remaining"'.
app/(tabs)/khata.tsx(98,33): error TS2345: Argument of type '"Failed to unlink shop"' is not assignable to parameter of type '"Cancel" | "OK" | "Save" | "days" | "10-digit mobile number" | "Notifications" | "Privacy Policy" | "Terms of Service" | "Expires in" | "Add Customer" | "Customer added!" | ... 203 more ... | "balance.remaining"'.
app/(tabs)/khata.tsx(267,36): error TS2345: Argument of type '"e.g. 123456"' is not assignable to parameter of type '"Cancel" | "OK" | "Save" | "days" | "10-digit mobile number" | "Notifications" | "Privacy Policy" | "Terms of Service" | "Expires in" | "Add Customer" | "Customer added!" | ... 203 more ... | "balance.remaining"'.
app/(tabs)/khata.tsx(282,41): error TS2345: Argument of type '"Success"' is not assignable to parameter of type '"Cancel" | "OK" | "Save" | "days" | "10-digit mobile number" | "Notifications" | "Privacy Policy" | "Terms of Service" | "Expires in" | "Add Customer" | "Customer added!" | ... 203 more ... | "balance.remaining"'.
app/(tabs)/khata.tsx(287,41): error TS2345: Argument of type '"Error"' is not assignable to parameter of type '"Cancel" | "OK" | "Save" | "days" | "10-digit mobile number" | "Notifications" | "Privacy Policy" | "Terms of Service" | "Expires in" | "Add Customer" | "Customer added!" | ... 203 more ... | "balance.remaining"'.
app/(tabs)/khata.tsx(290,39): error TS2345: Argument of type '"Error"' is not assignable to parameter of type '"Cancel" | "OK" | "Save" | "days" | "10-digit mobile number" | "Notifications" | "Privacy Policy" | "Terms of Service" | "Expires in" | "Add Customer" | "Customer added!" | ... 203 more ... | "balance.remaining"'.
app/(tabs)/khata.tsx(290,66): error TS2345: Argument of type '"Something went wrong."' is not assignable to parameter of type '"Cancel" | "OK" | "Save" | "days" | "10-digit mobile number" | "Notifications" | "Privacy Policy" | "Terms of Service" | "Expires in" | "Add Customer" | "Customer added!" | ... 203 more ... | "balance.remaining"'.
app/(tabs)/khata.tsx(310,39): error TS2345: Argument of type '"Success"' is not assignable to parameter of type '"Cancel" | "OK" | "Save" | "days" | "10-digit mobile number" | "Notifications" | "Privacy Policy" | "Terms of Service" | "Expires in" | "Add Customer" | "Customer added!" | ... 203 more ... | "balance.remaining"'.
app/(tabs)/khata.tsx(315,39): error TS2345: Argument of type '"Error"' is not assignable to parameter of type '"Cancel" | "OK" | "Save" | "days" | "10-digit mobile number" | "Notifications" | "Privacy Policy" | "Terms of Service" | "Expires in" | "Add Customer" | "Customer added!" | ... 203 more ... | "balance.remaining"'.
app/(tabs)/khata.tsx(318,37): error TS2345: Argument of type '"Error"' is not assignable to parameter of type '"Cancel" | "OK" | "Save" | "days" | "10-digit mobile number" | "Notifications" | "Privacy Policy" | "Terms of Service" | "Expires in" | "Add Customer" | "Customer added!" | ... 203 more ... | "balance.remaining"'.
app/(tabs)/khata.tsx(318,64): error TS2345: Argument of type '"Something went wrong."' is not assignable to parameter of type '"Cancel" | "OK" | "Save" | "days" | "10-digit mobile number" | "Notifications" | "Privacy Policy" | "Terms of Service" | "Expires in" | "Add Customer" | "Customer added!" | ... 203 more ... | "balance.remaining"'.
app/(tabs)/my-khata/[businessId]/index.tsx(70,39): error TS2345: Argument of type '"My Khata"' is not assignable to parameter of type '"Cancel" | "OK" | "Save" | "days" | "10-digit mobile number" | "Notifications" | "Privacy Policy" | "Terms of Service" | "Expires in" | "Add Customer" | "Customer added!" | ... 203 more ... | "balance.remaining"'.
app/ad-submit/pay.tsx(20,39): error TS2345: Argument of type '"≡ƒôó"' is not assignable to parameter of type '"Cancel" | "OK" | "Save" | "days" | "10-digit mobile number" | "Notifications" | "Privacy Policy" | "Terms of Service" | "Expires in" | "Add Customer" | "Customer added!" | ... 203 more ... | "balance.remaining"'.
app/ad-submit/pay.tsx(21,39): error TS2345: Argument of type '"Advertise on Any Khata"' is not assignable to parameter of type '"Cancel" | "OK" | "Save" | "days" | "10-digit mobile number" | "Notifications" | "Privacy Policy" | "Terms of Service" | "Expires in" | "Add Customer" | "Customer added!" | ... 203 more ... | "balance.remaining"'.
app/ad-submit/pay.tsx(22,39): error TS2345: Argument of type '"Γé╣100/month"' is not assignable to parameter of type '"Cancel" | "OK" | "Save" | "days" | "10-digit mobile number" | "Notifications" | "Privacy Policy" | "Terms of Service" | "Expires in" | "Add Customer" | "Customer added!" | ... 203 more ... | "balance.remaining"'.
app/ad-submit/pay.tsx(24,14): error TS2345: Argument of type '"Your ad will appear on the Ads page after payment confirmation."' is not assignable to parameter of type '"Cancel" | "OK" | "Save" | "days" | "10-digit mobile number" | "Notifications" | "Privacy Policy" | "Terms of Service" | "Expires in" | "Add Customer" | "Customer added!" | ... 203 more ... | "balance.remaining"'.
app/ad-submit/pay.tsx(28,18): error TS2345: Argument of type '"Pay Γé╣100 Now"' is not assignable to parameter of type '"Cancel" | "OK" | "Save" | "days" | "10-digit mobile number" | "Notifications" | "Privacy Policy" | "Terms of Service" | "Expires in" | "Add Customer" | "Customer added!" | ... 203 more ... | "balance.remaining"'.
app/ad-submit/pay.tsx(35,18): error TS2345: Argument of type '"Go Back"' is not assignable to parameter of type '"Cancel" | "OK" | "Save" | "days" | "10-digit mobile number" | "Notifications" | "Privacy Policy" | "Terms of Service" | "Expires in" | "Add Customer" | "Customer added!" | ... 203 more ... | "balance.remaining"'.
app/customer/[id].tsx(117,20): error TS2345: Argument of type '"Customer not found."' is not assignable to parameter of type '"Cancel" | "OK" | "Save" | "days" | "10-digit mobile number" | "Notifications" | "Privacy Policy" | "Terms of Service" | "Expires in" | "Add Customer" | "Customer added!" | ... 203 more ... | "balance.remaining"'.
app/customer/[id].tsx(147,34): error TS2345: Argument of type '"Failed to load customer data."' is not assignable to parameter of type '"Cancel" | "OK" | "Save" | "days" | "10-digit mobile number" | "Notifications" | "Privacy Policy" | "Terms of Service" | "Expires in" | "Add Customer" | "Customer added!" | ... 203 more ... | "balance.remaining"'.
app/customer/[id].tsx(161,21): error TS2345: Argument of type '"Enter Amount"' is not assignable to parameter of type '"Cancel" | "OK" | "Save" | "days" | "10-digit mobile number" | "Notifications" | "Privacy Policy" | "Terms of Service" | "Expires in" | "Add Customer" | "Customer added!" | ... 203 more ... | "balance.remaining"'.
app/customer/[id].tsx(161,40): error TS2345: Argument of type '"Please enter a valid amount."' is not assignable to parameter of type '"Cancel" | "OK" | "Save" | "days" | "10-digit mobile number" | "Notifications" | "Privacy Policy" | "Terms of Service" | "Expires in" | "Add Customer" | "Customer added!" | ... 203 more ... | "balance.remaining"'.
app/customer/[id].tsx(197,21): error TS2345: Argument of type '"Error"' is not assignable to parameter of type '"Cancel" | "OK" | "Save" | "days" | "10-digit mobile number" | "Notifications" | "Privacy Policy" | "Terms of Service" | "Expires in" | "Add Customer" | "Customer added!" | ... 203 more ... | "balance.remaining"'.
app/customer/[id].tsx(197,49): error TS2345: Argument of type '"Failed to save entry. Please try again."' is not assignable to parameter of type '"Cancel" | "OK" | "Save" | "days" | "10-digit mobile number" | "Notifications" | "Privacy Policy" | "Terms of Service" | "Expires in" | "Add Customer" | "Customer added!" | ... 203 more ... | "balance.remaining"'.
app/customer/[id].tsx(208,9): error TS2345: Argument of type '"This will permanently remove this customer and all their entries. This cannot be undone."' is not assignable to parameter of type '"Cancel" | "OK" | "Save" | "days" | "10-digit mobile number" | "Notifications" | "Privacy Policy" | "Terms of Service" | "Expires in" | "Add Customer" | "Customer added!" | ... 203 more ... | "balance.remaining"'.
app/customer/[id].tsx(212,19): error TS2345: Argument of type '"Remove"' is not assignable to parameter of type '"Cancel" | "OK" | "Save" | "days" | "10-digit mobile number" | "Notifications" | "Privacy Policy" | "Terms of Service" | "Expires in" | "Add Customer" | "Customer added!" | ... 203 more ... | "balance.remaining"'.
app/customer/[id].tsx(221,29): error TS2345: Argument of type '"Error"' is not assignable to parameter of type '"Cancel" | "OK" | "Save" | "days" | "10-digit mobile number" | "Notifications" | "Privacy Policy" | "Terms of Service" | "Expires in" | "Add Customer" | "Customer added!" | ... 203 more ... | "balance.remaining"'.
app/customer/[id].tsx(221,57): error TS2345: Argument of type '"Failed to remove customer. Please try again."' is not assignable to parameter of type '"Cancel" | "OK" | "Save" | "days" | "10-digit mobile number" | "Notifications" | "Privacy Policy" | "Terms of Service" | "Expires in" | "Add Customer" | "Customer added!" | ... 203 more ... | "balance.remaining"'.
app/customer/[id].tsx(252,50): error TS2345: Argument of type '"ΓåÉ Go Back"' is not assignable to parameter of type '"Cancel" | "OK" | "Save" | "days" | "10-digit mobile number" | "Notifications" | "Privacy Policy" | "Terms of Service" | "Expires in" | "Add Customer" | "Customer added!" | ... 203 more ... | "balance.remaining"'.
app/customer/[id].tsx(364,22): error TS2345: Argument of type '"Tap + to record the first entry"' is not assignable to parameter of type '"Cancel" | "OK" | "Save" | "days" | "10-digit mobile number" | "Notifications" | "Privacy Policy" | "Terms of Service" | "Expires in" | "Add Customer" | "Customer added!" | ... 203 more ... | "balance.remaining"'.
app/notifications.tsx(191,14): error TS2345: Argument of type '"Notification preferences are saved locally on this device. To manage system-level\n          notification permissions, go to your device Settings ΓåÆ Any Khata ΓåÆ Notifications."' is not assignable to parameter of type '"Cancel" | "OK" | "Save" | "days" | "10-digit mobile number" | "Notifications" | "Privacy Policy" | "Terms of Service" | "Expires in" | "Add Customer" | "Customer added!" | ... 203 more ... | "balance.remaining"'.
app/payment-callback.tsx(41,13): error TS2345: Argument of type '"Payment Successful"' is not assignable to parameter of type '"Cancel" | "OK" | "Save" | "days" | "10-digit mobile number" | "Notifications" | "Privacy Policy" | "Terms of Service" | "Expires in" | "Add Customer" | "Customer added!" | ... 203 more ... | "balance.remaining"'.
app/payment-callback.tsx(42,13): error TS2345: Argument of type '"Your subscription is now active!"' is not assignable to parameter of type '"Cancel" | "OK" | "Save" | "days" | "10-digit mobile number" | "Notifications" | "Privacy Policy" | "Terms of Service" | "Expires in" | "Add Customer" | "Customer added!" | ... 203 more ... | "balance.remaining"'.
app/payment-callback.tsx(47,13): error TS2345: Argument of type '"Payment Error"' is not assignable to parameter of type '"Cancel" | "OK" | "Save" | "days" | "10-digit mobile number" | "Notifications" | "Privacy Policy" | "Terms of Service" | "Expires in" | "Add Customer" | "Customer added!" | ... 203 more ... | "balance.remaining"'.
app/payment-callback.tsx(48,28): error TS2345: Argument of type '"We could not verify your payment. Please contact support if the amount was debited."' is not assignable to parameter of type '"Cancel" | "OK" | "Save" | "days" | "10-digit mobile number" | "Notifications" | "Privacy Policy" | "Terms of Service" | "Expires in" | "Add Customer" | "Customer added!" | ... 203 more ... | "balance.remaining"'.
app/payment-callback.tsx(61,36): error TS2345: Argument of type '"Finalizing your payment..."' is not assignable to parameter of type '"Cancel" | "OK" | "Save" | "days" | "10-digit mobile number" | "Notifications" | "Privacy Policy" | "Terms of Service" | "Expires in" | "Add Customer" | "Customer added!" | ... 203 more ... | "balance.remaining"'.
app/payment-callback.tsx(62,39): error TS2345: Argument of type '"Please do not close the app"' is not assignable to parameter of type '"Cancel" | "OK" | "Save" | "days" | "10-digit mobile number" | "Notifications" | "Privacy Policy" | "Terms of Service" | "Expires in" | "Add Customer" | "Customer added!" | ... 203 more ... | "balance.remaining"'.
